The following is a section with no content. It should not render.


Now, a section with no content within another section. It also should not render.

