null:

booleans:
boolean.true

numbers:
numbers.zero
numbers.one

strings:
strings.empty
strings.nonempty

arrays:
arrays.nonempty

objects:
objects.empty
objects.nonempty
