hello
[{"one":{"foo":"a","bar":"b"}},{"two":{"foo":"c","bar":"d"}}]
world
