blah -
 foo: 1, bar: 2; foo: 3, bar: 4; -
 foo: 5, bar: 6; foo: 7, bar: 8;
