null:
null

booleans:
boolean.false

numbers:

strings:

arrays:
arrays.empty

objects:
