Here are a number of options:
three four

End of options.
