Here are the numbers in order: hello 1 hello 3 hello 2
